tanabe@tanabe:~/wave_translation/test/sound$ ./build
main.c: In function ‘main’:
main.c:231:21: error: ‘p’ undeclared (first use in this function)
  231 |     while (size > 0)p
      |                     ^
main.c:231:21: note: each undeclared identifier is reported only once for each function it appears in
main.c:231:22: error: expected ‘;’ before ‘{’ token
  231 |     while (size > 0)p
      |                      ^
      |                      ;
  232 |       {
      |       ~               
tanabe@tanabe:~/wave_translation/test/sound$ ./build
tanabe@tanabe:~/wave_translation/test/sound$ ./a.out
サイン波 (440 Hz) のストリーミング再生を開始しました。
 'q'キーを押すか、ウィンドウを閉じると終了します。
再生キューに残ったデータがなくなるのを待機中...
88200/63624/47240/30856/6280/0/再生が完了し、終了します。
tanabe@tanabe:~/wave_translation/test/sound$ ./a.out
サイン波 (440 Hz) のストリーミング再生を開始しました。
 'q'キーを押すか、ウィンドウを閉じると終了します。
再生キューに残ったデータがなくなるのを待機中...
88200/63624/47240/22664/6280/0/再生が完了し、終了します。
tanabe@tanabe:~/wave_translation/test/sound$ ./a.out
サイン波 (440 Hz) のストリーミング再生を開始しました。
 'q'キーを押すか、ウィンドウを閉じると終了します。
再生キューに残ったデータがなくなるのを待機中...
88200/63624/47240/30856/6280/0/再生が完了し、終了します。
tanabe@tanabe:~/wave_translation/test/sound$ ./build
o
tanabe@tanabe:~/wave_translation/test/sound$ ./a.out
サイン波 (440 Hz) のストリーミング再生を開始しました。
 'q'キーを押すか、ウィンドウを閉じると終了します。
再生キューに残ったデータがなくなるのを待機中...
88200/63624/47240/30856/6280/0/再生が完了し、終了します。
tanabe@tanabe:~/wave_translation/test/sound$ ./a.out
サイン波 (440 Hz) のストリーミング再生を開始しました。
 'q'キーを押すか、ウィンドウを閉じると終了します。
再生キューに残ったデータがなくなるのを待機中...
88200/63624/47240/30856/6280/0/再生が完了し、終了します。
tanabe@tanabe:~/wave_translation/test/sound$ ./build
tanabe@tanabe:~/wave_translation/test/sound$ ./a.out
サイン波 (440 Hz) のストリーミング再生を開始しました。
 'q'キーを押すか、ウィンドウを閉じると終了します。
再生キューに残ったデータがなくなるのを待機中...
88200/63624/47240/30856/6280/0/再生が完了し、終了します。
tanabe@tanabe:~/wave_translation/test/sound$ ./build
tanabe@tanabe:~/wave_translation/test/sound$ ./a.out
サイン波 (440 Hz) のストリーミング再生を開始しました。
 'q'キーを押すか、ウィンドウを閉じると終了します。
再生キューに残ったデータがなくなるのを待機中...
88200/63624/47240/22664/6280/0/再生が完了し、終了します。
tanabe@tanabe:~/wave_translation/test/sound$ ./build
tanabe@tanabe:~/wave_translation/test/sound$ ./a.out
サイン波 (440 Hz) のストリーミング再生を開始しました。
 'q'キーを押すか、ウィンドウを閉じると終了します。
再生キューに残ったデータがなくなるのを待機中...
88200/63624/47240/22664/6280/0/再生が完了し、終了します。
tanabe@tanabe:~/wave_translation/test/sound$ ./build
tanabe@tanabe:~/wave_translation/test/sound$ ./a.out
サイン波 (440 Hz) のストリーミング再生を開始しました。
 'q'キーを押すか、ウィンドウを閉じると終了します。
再生キューに残ったデータがなくなるのを待機中...
88200/63624/47240/22664/6280/0/再生が完了し、終了します。
tanabe@tanabe:~/wave_translation/test/sound$ ./build
tanabe@tanabe:~/wave_translation/test/sound$ ./a.out
サイン波 (440 Hz) のストリーミング再生を開始しました。
 'q'キーを押すか、ウィンドウを閉じると終了します。
再生キューに残ったデータがなくなるのを待機中...
88200/63624/47240/22664/6280/0/再生が完了し、終了します。
tanabe@tanabe:~/wave_translation/test/sound$ ./build
tanabe@tanabe:~/wave_translation/test/sound$ ./a.out
サイン波 (440 Hz) のストリーミング再生を開始しました。
 'q'キーを押すか、ウィンドウを閉じると終了します。
再生キューに残ったデータがなくなるのを待機中...
88200/63624/47240/22664/6280/0/再生が完了し、終了します。
tanabe@tanabe:~/wave_translation/test/sound$ ./build
tanabe@tanabe:~/wave_translation/test/sound$ ./a.out
サイン波 (440 Hz) のストリーミング再生を開始しました。
 'q'キーを押すか、ウィンドウを閉じると終了します。
再生キューに残ったデータがなくなるのを待機中...
88200/63624/47240/30856/6280/0/再生が完了し、終了します。
tanabe@tanabe:~/wave_translation/test/sound$ ./build
tanabe@tanabe:~/wave_translation/test/sound$ ./a.out
サイン波 (440 Hz) のストリーミング再生を開始しました。
 'q'キーを押すか、ウィンドウを閉じると終了します。
再生キューに残ったデータがなくなるのを待機中...
88200/63624/47240/22664/6280/0/再生が完了し、終了します。
tanabe@tanabe:~/wave_translation/test/sound$ ./build
tanabe@tanabe:~/wave_translation/test/sound$ ./a.out
サイン波 (440 Hz) のストリーミング再生を開始しました。
 'q'キーを押すか、ウィンドウを閉じると終了します。
再生キューに残ったデータがなくなるのを待機中...
88200/63624/47240/30856/6280/0/再生が完了し、終了します。
tanabe@tanabe:~/wave_translation/test/sound$ ./build
tanabe@tanabe:~/wave_translation/test/sound$ ./a.out
サイン波 (440 Hz) のストリーミング再生を開始しました。
 'q'キーを押すか、ウィンドウを閉じると終了します。
end
再生キューに残ったデータがなくなるのを待機中...
88200/63624/47240/30856/6280/0/再生が完了し、終了します。
tanabe@tanabe:~/wave_translation/test/sound$ ./build
tanabe@tanabe:~/wave_translation/test/sound$ ./build
tanabe@tanabe:~/wave_translation/test/sound$ ./a.out
サイン波 (440 Hz) のストリーミング再生を開始しました。
 'q'キーを押すか、ウィンドウを閉じると終了します。
loop
loop
loop
loop
loop
loop
loop
loop
loop
loop
loop
loop
loop
loop
loop
loop
loop
loop
loop
loop
loop
loop
loop
loop
loop
loop
loop
loop
loop
loop
loop
loop
loop
loop
loop
loop
loop
loop
loop
loop
loop
loop
loop
loop
loop
loop
loop
loop
loop
loop
loop
loop
loop
loop
loop
loop
loop
loop
loop
loop
loop
loop
loop
loop
loop
loop
loop
loop
loop
loop
loop
loop
loop
loop
loop
loop
loop
loop
loop
loop
loop
loop
loop
loop
loop
loop
loop
loop
loop
loop
loop
loop
loop
loop
loop
loop
loop
loop
loop
end
再生キューに残ったデータがなくなるのを待機中...
63624/47240/22664/6280/0/再生が完了し、終了します。
tanabe@tanabe:~/wave_translation/test/sound$ k./build
main.c: In function ‘main’:
main.c:227:47: error: invalid suffix "秒分）を下回ったらデータを補充する" on integer constant
  227 |         キューに残っているデータが一定量（例: 2秒分）を下回ったらデータを補充する
      |                                               ^~~~~~~~~~~~~~~~~~~~~~~~~~~~~~~~~~~
main.c:227:82: error: expected ‘;’ before ‘ここでは’
  227 |         キューに残っているデータが一定量（例: 2秒分）を下回ったらデータを補充する
      |                                                                                  ^
      |                                                                                  ;
  228 |         ここでは、MAX_QUEUE_SIZEの約20%を下回ったら補充する
      |         ~~~~~~~~                                                                  
main.c:228:17: error: stray ‘\343’ in program
  228 |         <U+3053><U+3053><U+3067><U+306F><U+3001>MAX_QUEUE_SIZE<U+306E><U+7D04>20%<U+3092><U+4E0B><U+56DE><U+3063><U+305F><U+3089><U+88DC><U+5145><U+3059><U+308B>
      |                                         ^~~~~~~~
tanabe@tanabe:~/wave_translation/test/sound$ ./build
tanabe@tanabe:~/wave_translation/test/sound$ ./a.out
サイン波 (440 Hz) のストリーミング再生を開始しました。
 'q'キーを押すか、ウィンドウを閉じると終了します。
loop
loop
loop
loop
loop
loop
loop
loop
loop
loop
loop
loop
loop
loop
loop
loop
loop
loop
loop
loop
loop
loop
loop
loop
loop
loop
loop
loop
loop
loop
loop
loop
loop
loop
loop
loop
loop
loop
loop
loop
loop
loop
loop
loop
loop
loop
loop
loop
loop
loop
loop
loop
loop
loop
loop
loop
loop
loop
loop
loop
loop
loop
loop
loop
loop
loop
loop
loop
loop
loop
loop
loop
loop
loop
loop
loop
loop
loop
loop
loop
loop
loop
loop
loop
loop
loop
loop
loop
loop
loop
loop
loop
loop
loop
loop
loop
loop
loop
loop
end
再生キューに残ったデータがなくなるのを待機中...
90712/82520/57944/41560/25176/8792/0/再生が完了し、終了します。
tanabe@tanabe:~/wave_translation/test/sound$ ./build
tanabe@tanabe:~/wave_translation/test/sound$ ./a.out
サイン波 (440 Hz) のストリーミング再生を開始しました。
 'q'キーを押すか、ウィンドウを閉じると終了します。
add
add
end
再生キューに残ったデータがなくなるのを待機中...
98904/82520/57944/41560/25176/8792/0/再生が完了し、終了します。
tanabe@tanabe:~/wave_translation/test/sound$ ./build
tanabe@tanabe:~/wave_translation/test/sound$ ./a.out
サイン波 (440 Hz) のストリーミング再生を開始しました。
 'q'キーを押すか、ウィンドウを閉じると終了します。
add
add
add
add
add
add
add
add
add
add
add
add
add
add
add
add
add
add
add
add
add
add
add
add
add
add
add
add
add
add
add
add
add
add
add
add
add
add
add
add
add
add
add
add
add
add
add
add
add
add
add
add
add
add
add
add
add
add
add
add
add
add
add
add
add
add
add
add
add
add
add
add
add
add
add
add
add
add
add
add
add
add
add
add
add
add
add
add
add
add
add
add
add
add
add
add
add
add
add
add
add
add
  C-c C-cadd
add
add
add
add
add
add
add
add
add
add
add
add
add
add
add
add
add
add
add
add
add
add
add
add
add
add
add
add
add
add
add
add
add
add
add
add
add
add
add
add
add
add
add
add
add
add
add
add
add
add
add
add
add
add
add
add
add
add
add
add
add
add
add
add
add
add
add
add
add
add
add
add
add
add
add
add
add
add
add
add
add
add
add
add
add
add
add
add
add
add
add
add
add
add
add
add
add
add
add
add
add
add
add
add
add
add
add
add
add
add
add
add
add
add
add
add
add
add
add
add
add
add
add
add
add
add
add
add
add
add
add
add
add
add
add
add
add
add
add
add
add
add
add
add
add
add
add
add
add
add
add
add
add
add
add
add
add
add
add
add
add
add
add
add
add
add
add
add
add
add
add
add
add
add
add
add
add
add
add
add
add
add
add
add
add
add
add
add
add
add
add
add
add
add
add
add
add
add
add
add
add
add
add
add
add
add
add
add
add
add
add
add
add
add
add
add
add
add
add
add
add
add
add
add
add
add
add
add
add
add
add
add
add
add
add
add
add
add
add
add
add
add
add
add
add
add
add
add
add
add
add
add
add
add
add
add
add
add
add
add
add
add
add
add
add
add
add
add
add
add
add
add
add
add
add
add
add
add
add
add
add
add
add
add
add
add
add
add
add
add
add
add
add
add
add
add
add
add
add
add
add
add
add
add
add
add
add
add
add
add
add
add
add
add
add
add
add
add
add
add
add
add
add
add
add
add
add
add
add
add
add
add
add
add
add
add
add
add
add
add
add
add
add
add
add
add
add
add
add
add
add
add
add
add
add
add
add
add
add
add
add
add
add
add
add
add
add
add
add
add
add
add
add
add
add
add
add
add
add
add
add
add
add
add
add
add
add
add
add
add
add
add
add
add
add
add
add
add
add
add
add
add
add
add
add
add
add
add
add
add
add
add
add
add
add
add
add
add
add
add
add
add
add
add
add
add
add
add
add
add
add
add
add
add
add
add
add
add
add
add
add
add
add
add
add
add
add
add
add
add
add
add
add
add
add
end
再生キューに残ったデータがなくなるのを待機中...
100920/84536/68152/43576/27192/10808/0/再生が完了し、終了します。
tanabe@tanabe:~/wave_translation/test/sound$